[
["Cassiopeiae", "https:\/\/en.wikipedia.org\/wiki\/6_Cassiopeiae"],
["BP_Crucis", "https:\/\/en.wikipedia.org\/wiki\/BP_Crucis"],
["IRC +10420", "https:\/\/en.wikipedia.org\/wiki\/IRC_%2B10420"],
["Omicron Centauri", "https:\/\/en.wikipedia.org\/wiki\/Omicron1_Centauri"],
["RW_Cephei", "https:\/\/en.wikipedia.org\/wiki\/RW_Cephei"],
["S_Persei", "https:\/\/en.wikipedia.org\/wiki\/S_Persei"],
["9 Persei", "https:\/\/en.wikipedia.org\/wiki\/9_Persei"],
["Geminorum", "https:\/\/en.wikipedia.org\/wiki\/3_Geminorum"],
["Eta Canis Majoris", "https:\/\/en.wikipedia.org\/wiki\/Eta_Canis_Majoris"],
["35 Cygni", "https:\/\/en.wikipedia.org\/wiki\/35_Cygni"],
["9 Pegasi", "https:\/\/en.wikipedia.org\/wiki\/9_Pegasi"],
["5 Lacertae", "https:\/\/en.wikipedia.org\/wiki\/5_Lacertae"],
["V838 Monocerotis", "https:\/\/en.wikipedia.org\/wiki\/V838_Monocerotis"],
["6 Geminorum", "https:\/\/en.wikipedia.org\/wiki\/6_Geminorum"],
["Alpha Camelopardalis", "https:\/\/en.wikipedia.org\/wiki\/Alpha_Camelopardalis"],
["19 Aurigae", "https:\/\/en.wikipedia.org\/wiki\/19_Aurigae"],
["Epsilon Canis Majoris", "https:\/\/en.wikipedia.org\/wiki\/Epsilon_Canis_Majoris"],
["Delta Volantis", "https:\/\/en.wikipedia.org\/wiki\/Delta_Volantis"],
["46 Capricorni", "https:\/\/en.wikipedia.org\/wiki\/46_Capricorni"],
["Alphard", "https:\/\/en.wikipedia.org\/wiki\/Alphard"],
["Alpha Herculis", "https:\/\/en.wikipedia.org\/wiki\/Alpha_Herculis"],
["1 Camelopardalis", "https:\/\/en.wikipedia.org\/wiki\/1_Camelopardalis"],
["Pi Draconis", "https:\/\/en.wikipedia.org\/wiki\/Pi_Draconis"],
["Kappa Aquilae", "https:\/\/en.wikipedia.org\/wiki\/Kappa_Aquilae"],
["Delta Capricorni", "https:\/\/en.wikipedia.org\/wiki\/Delta_Capricorni"],
["Gamma Apodis", "https:\/\/en.wikipedia.org\/wiki\/Gamma_Apodis"],
["41 Lyncis", "https:\/\/en.wikipedia.org\/wiki\/41_Lyncis"],
["R Equulei", "https:\/\/en.wikipedia.org\/wiki\/R_Equulei"],
["Theta Muscae", "https:\/\/en.wikipedia.org\/wiki\/Theta_Muscae"],
["BH Crucis", "https:\/\/en.wikipedia.org\/wiki\/BH_Crucis"],
["Pi Sculptoris", "https:\/\/en.wikipedia.org\/wiki\/Pi_Sculptoris"],
["51 Orionis", "https:\/\/en.wikipedia.org\/wiki\/51_Orionis"],
["72 Leonis", "https:\/\/en.wikipedia.org\/wiki\/72_Leonis"],
["ET Virginis", "https:\/\/en.wikipedia.org\/wiki\/ET_Virginis"],
["T Ceti", "https:\/\/en.wikipedia.org\/wiki\/T_Ceti"],
["Mizar", "https:\/\/en.wikipedia.org\/wiki\/Mizar"],
["Tau1 Lupi", "https:\/\/en.wikipedia.org\/wiki\/Tau1_Lupi"],
["Beta Delphini", "https:\/\/en.wikipedia.org\/wiki\/Beta_Delphini"],
["Rho Indi", "https:\/\/en.wikipedia.org\/wiki\/Rho_Indi"],
["Gamma Horologiii", "https:\/\/en.wikipedia.org\/wiki\/Gamma_Horologiii"],
["Delta Circini", "https:\/\/en.wikipedia.org\/wiki\/Delta_Circini"],
["V391 Pegasi", "https:\/\/en.wikipedia.org\/wiki\/V391_Pegasi"],
["Groombridge 1830", "https:\/\/en.wikipedia.org\/wiki\/Groombridge_1830"],
["GK Persei", "https:\/\/en.wikipedia.org\/wiki\/GK_Persei"],
["2MASS 0532+8246", "https:\/\/en.wikipedia.org\/wiki\/2MASS_0532%2B8246"],
["Gliese 1062", "https:\/\/en.wikipedia.org\/wiki\/Gliese_1062"],
["LoTr 5", "https:\/\/en.wikipedia.org\/wiki\/LoTr_5"],
["TY Coronae Borealis", "https:\/\/en.wikipedia.org\/wiki\/TY_Coronae_Borealis"],
["Z Chamaeleontis", "https:\/\/en.wikipedia.org\/wiki\/Z_Chamaeleontis"]
]
